// Jest Snapshot v1, https://goo.gl/fbAQLP

exports[`Search renders default 1`] = `
<View
  style={
    Object {
      "alignItems": "flex-start",
      "flex": 1,
    }
  }
>
  <View
    style={
      Object {
        "margin": 20,
      }
    }
  >
    <Text
      style={
        Object {
          "fontSize": 16,
        }
      }
    >
      Hi, 
      userName
       
    </Text>
  </View>
  <View
    style={
      Object {
        "alignItems": "center",
        "flex": 1,
        "justifyContent": "center",
      }
    }
  >
    <TouchableOpacity
      activeOpacity={0.2}
      onPress={[Function]}
      style={
        Object {
          "width": 400,
        }
      }
    >
      <DateRange />
    </TouchableOpacity>
    <View
      style={
        Object {
          "marginTop": 30,
        }
      }
    >
      <Button
        onPress={[Function]}
        title="FindHotels"
      />
    </View>
  </View>
</View>
`;
