// Jest Snapshot v1, https://goo.gl/fbAQLP

exports[`HelloTitle renders default 1`] = `[Function]`;
