// Jest Snapshot v1, https://goo.gl/fbAQLP

exports[`HelloTitle renders default 1`] = `
<Text
  style={
    Array [
      Object {
        "color": "white",
        "fontSize": 18,
        "fontWeight": "700",
        "textAlign": "center",
      },
      null,
    ]
  }
>
  HotelTitle
</Text>
`;
