// Jest Snapshot v1, https://goo.gl/fbAQLP

exports[`SingleDate renders default 1`] = `
<View
  style={
    Array [
      Object {
        "flex": 1,
        "flexDirection": "row",
      },
      undefined,
    ]
  }
>
  <Text
    style={
      Array [
        Object {
          "fontSize": 48,
          "fontWeight": "bold",
        },
        undefined,
      ]
    }
  >
    12
  </Text>
  <View
    style={
      Object {
        "justifyContent": "center",
      }
    }
  >
    <Text>
      Sun
    </Text>
    <Text>
      May
    </Text>
  </View>
</View>
`;
